// Jest Snapshot v1, https://goo.gl/fbAQLP

exports[`The Waystone component Matches snapshot 1`] = `
<div>
  test
</div>
`;
