// Jest Snapshot v1, https://goo.gl/fbAQLP

exports[`<Radio /> component should match snapshot 1`] = `
<div>
  <div
    class="css-100ak8h"
  >
    <input
      class="css-17bcjra"
      type="radio"
    />
    <label
      class="css-15xkxno"
      for="test-radio"
    >
      Option 1
    </label>
  </div>
</div>
`;

exports[`<Radio /> css container should match snapshot 1`] = `
{
  "gap": "small",
}
`;

exports[`<Radio /> css input should match snapshot 1`] = `
{
  ":after": {
    "border": "4px solid",
    "borderColor": "transparent",
    "borderRadius": "50%",
    "content": """",
    "inset": -6,
    "position": "absolute",
    "transition": "border-color 200ms",
  },
  ":disabled": {
    "cursor": "not-allowed",
  },
  ":enabled:active": {
    ":after": {
      "borderColor": [Function],
    },
  },
  ":enabled:not(active):focus-visible": {
    ":after": {
      "borderColor": [Function],
    },
  },
  "cursor": "pointer",
  "height": "1.25rem",
  "outlineColor": [Function],
  "outlineOffset": 2,
  "outlineStyle": "solid",
  "outlineWidth": 4,
  "position": "relative",
  "width": "1.25rem",
}
`;

exports[`<Radio /> css label should match snapshot 1`] = `
{
  ":disabled": {
    "cursor": "not-allowed",
  },
  "cursor": "pointer",
}
`;
