// Jest Snapshot v1, https://goo.gl/fbAQLP

exports[`The Code component Matches snapshot 1`] = `
<div>
  <code
    class="css-1wi22pg-Code"
  >
    code
  </code>
</div>
`;
