// Jest Snapshot v1, https://goo.gl/fbAQLP

exports[`<Label /> should match snapshot 1`] = `
<div>
  <label
    class="css-ejy0wb-Text"
    for="test-input"
  >
    Test Label
  </label>
</div>
`;
