// Jest Snapshot v1, https://goo.gl/fbAQLP

exports[`The Text component Matches snapshot 1`] = `
<div>
  <span
    class="css-1k3tifs-Text"
  >
    text
  </span>
</div>
`;
