// Jest Snapshot v1, https://goo.gl/fbAQLP

exports[`The Button component matches snapshot 1`] = `
<div>
  <button
    class="css-1ixzfme-Button"
  >
    <span
      class="css-3irkks-Text"
    >
      button
    </span>
  </button>
</div>
`;
