// Jest Snapshot v1, https://goo.gl/fbAQLP

exports[`breakpoints should match snapshot 1`] = `
[
  "480px",
  "768px",
  "1024px",
  "1200px",
]
`;
