// Jest Snapshot v1, https://goo.gl/fbAQLP

exports[`The ButtonGroup component should match snapshot 1`] = `
<div>
  <div
    class="css-ofnuv4-ButtonGroup"
  >
    <button
      class="css-4eztqb-Button"
      id="button1"
    >
      <span
        class="css-3irkks-Text"
      >
        button1
      </span>
    </button>
    <button
      class="css-4eztqb-Button"
      id="button2"
    >
      <span
        class="css-3irkks-Text"
      >
        button2
      </span>
    </button>
  </div>
</div>
`;
