// Jest Snapshot v1, https://goo.gl/fbAQLP

exports[`Button Constants Values Sizes should match snapshot 1`] = `
[
  "small",
  "medium",
  "large",
]
`;

exports[`Button Constants Values Variants should match snapshot 1`] = `
[
  "small",
  "medium",
  "large",
]
`;
