// Jest Snapshot v1, https://goo.gl/fbAQLP

exports[`TThe CardButton component Matches snapshot 1`] = `
<div>
  <button
    class="css-5143ny-CardButton"
    type="button"
  >
    card
  </button>
</div>
`;
