// Jest Snapshot v1, https://goo.gl/fbAQLP

exports[`The Spinner component Matches snapshot 1`] = `
<div>
  <span
    class="css-s9ilsi-Spinner"
  />
</div>
`;
