// Jest Snapshot v1, https://goo.gl/fbAQLP

exports[`<FormField /> component should render children 1`] = `
<div>
  <div
    class="css-13g0w5n"
  >
    child
  </div>
</div>
`;

exports[`<FormField /> css should match snapshot 1`] = `
{
  "flexFlow": "column",
}
`;
