// Jest Snapshot v1, https://goo.gl/fbAQLP

exports[`The Anchor component Matches snapshot 1`] = `
<div>
  <a
    class="css-14v99eo-InternalAnchor"
    href="#"
  >
    anchor
  </a>
</div>
`;
